# `--dead . --json` on each testbed case that asserts `--dead`, hashed.
# Regenerate: UPDATE_GOLDEN=1 cargo test --test testbed
022-super-follows-the-ancestor-chain 8601d8ffa0f588d7
029-dead-asks-about-the-qualified-owner b2189277df143996
031-super-never-lands-on-its-own-method e6dfb498deffc46d
035-an-engine-reopens-the-apps-split-class 31da12162430c209
036-an-unseen-mixin-never-hides-a-class caf9aaf7243d2221
042-an-engines-reopen-skips-another-programs-own-class 4d50ca534912a883
043-a-self-call-reaches-a-subclass-override 14b5bda2b2f30b47
070-a-mixin-sent-to-a-class-is-its-ancestor b78e469673b26d7b
093-a-self-call-in-a-module-reaches-its-includers-other-modules dd3e37858acf83f0
096-an-override-is-reached-through-its-ancestor 1062db61ee009856
097-a-module-self-call-skips-a-shadowed-includer-module 070004544df89428
122-a-class-eval-string-is-read-as-code b608dab22355ff3d
126-a-call-typed-as-an-ancestor-reaches-an-override b2b171d23165eb70
130-a-string-of-code-is-read-with-the-names-it-is-handed 24288df9d26bff68
136-a-bound-call-reaches-a-module-a-subclass-mixes-in c86d16f60dbb7ebe
260-a-block-a-macro-makes-a-method-of-runs-on-an-instance 4a213589e6189ff2
261-a-method-missing-that-sends-a-name-on-may-run-it 0d08f24b819bee0a
311-a-top-level-def-is-called-by-an-implicit-call a2e1b900377ff9d4
312-a-symbol-a-macro-defines-is-no-call 4f36522a9c11f01b
315-dead-says-what-it-cannot-see 0d54c40e656ff55a
316-an-aliases-calls-reach-its-target 5e2bf7b94c5446dd
340-a-symbol-an-option-names-is-a-reference 7606139e0fdaa58e
342-a-block-rails-runs-on-the-instance-calls-the-instance 4b7b041506f2b479
343-a-symbol-read-as-no-name-is-said 1e93db977d583d3d
344-a-route-reaches-a-controller-action 1afef0bd9ed335a2
345-routes-not-all-read-are-said 61287146f0f3e5a8
360-a-haml-comment-or-continued-line-still-names ca7113ab41dd2965
361-a-module-functions-calls-are-its-own 35f9eafb6e478a02
362-a-serializer-calls-include-for-its-attributes ce3df11fc50e17c9
363-a-serializer-without-include-methods-calls-none c7f4c4d84a1b4d49
364-a-name-built-at-runtime-is-said e71a7d65018b4ecb
365-a-writer-assign-attributes-reaches e65885a23c89ae5b
366-an-ancestor-not-indexed-may-call-it 4ff1a9d075113d7a
367-a-namespace-prefixes-its-models-tables c785ef76ee3f94eb
368-a-helper-calls-another-helper-by-name 771547622960e846
369-a-mailer-action-is-called-on-its-class 723e3e9e336b4ee6
370-methods-listed-at-runtime-are-said bcb205b17d97fedb
371-a-thor-command-is-run-by-name 59e2f88fd7ef1a5b
380-with-options-scopes-its-routes 1cff1538f454f7fb
381-a-singular-resources-controller-is-its-plural 5131551049c1f04d
382-a-test-apps-routes-are-not-the-apps e506a37ba38d3962
383-a-routed-action-in-a-controller-concern e448e5ec640b38f9
384-a-routes-concern-reaches-a-drawn-file ff70823443874b0c
385-thor-runs-no-helper-as-a-command 7ac43efbe609424c
386-a-lambda-in-a-modules-method-has-no-known-self 2e2c1d6263303821
390-a-callback-block-in-a-class-methods-method-runs-on-the-includer 2536158a5c01cc23
391-a-block-whose-self-is-not-known-rules-nothing-out 47ee6005c1b0b35a
400-a-lambda-callback-calls-an-included-method 21c86afe826165b1
401-a-method-named-in-config-says-so d7fc6fc189fbb70d
402-generated-code-says-so ae2500a930bba6fa
420-a-constant-nothing-references-is-a-candidate d966c61c3e4d1c0a
421-a-class-only-tests-reference-is-test-only fc18bda1faabc5f2
422-a-routed-controller-is-reached-by-convention 17c6bb2dbc92142e
423-a-gems-routes-may-reach-a-controller 4796958749ebe397
424-concern-class-methods-and-helpers-by-convention 15110fd79ec0cbea
425-a-string-or-yaml-value-names-a-class 1cb05c505e46830f
426-a-name-built-from-a-symbol-reaches-a-class b80a8705b3a62f0f
427-an-association-names-a-model 981f1dbde9c2994a
428-a-class-an-ancestor-registers 3f7c39de0d4cab32
429-a-constant-read-at-runtime-says-so 6583ef3e505a544f
430-a-view-or-a-script-references-a-constant 3b1594b4d3bd1900
431-a-test-case-is-run-by-its-runner 3f7b817805d85fbd
432-rails-makes-and-runs-classes-by-name 743b0175ab23aad4
433-a-library-finds-a-class-by-a-name-it-builds e0556f769ca4f8cb
434-a-namespace-zeitwerk-makes-from-a-directory e1906fe640b28a56
435-synthetic-and-migration-constants-are-not-candidates 1ab40dab8e1cd0c5
450-a-relation-hands-a-name-it-lacks-to-its-model 70a4ae7e5e4733f9
454-a-constant-handed-to-enum-or-attr-is-read 4865d45169189084
455-a-constant-spelled-through-an-heir-is-used 043dffc1b26f7274
456-two-controllers-one-plain-name-are-both-routed 950c52307da2f3ef
457-a-class-named-controller-outside-controllers-is-no-routes 4e39a3e8e3fe31f1
458-libraries-that-find-code-by-a-name 30047561a642024c
461-a-constant-graded-lower-says-why 7cadb9f58cb1a2a3
462-pundit-credits-the-policy-an-authorizing-action-asks 6224bb88cf6c89d6
490-a-let-nothing-reads-is-a-dead-candidate a131f0dd50f7db8b
491-an-outer-let-every-running-group-overrides-is-shadowed 06da88d83d5b1e05
492-a-helper-or-a-sent-name-may-read-a-let c2c47dc7d4588ece
493-a-subject-is-read-by-is-expected-and-should dd2c5b3d0fb2d73f
494-a-shared-groups-body-reads-its-includers-let 55fa8e7da30468dc
495-a-shared-group-nothing-includes-is-a-dead-candidate bee643d62f0caa13
496-a-let-read-through-branches-and-shared-groups 6a1aa93a2af94f16
497-a-shared-group-metadata-includes-or-a-config-hook-reads-a-let d583590318f1f3dc
498-a-base-method-every-call-lands-past-is-shadowed 93edf2eb80c1485c
499-a-shared-group-in-a-module-and-a-let-a-string-evaluates 50db0df857ad1a1c
520-an-erb-templates-calls-are-call-sites 4b8d70f2dc3b1c29
524-a-rabl-templates-symbols-name-its-objects-methods e3e224038349f900
540-ruby-calls-more-hooks-by-name 7f434c36eca09866
541-new-runs-initialize 8ecd2383133e752b
544-dead-initialize-nothing-constructs b0009105a42fe348
560-a-superclass-named-like-its-class-is-the-outer-one 2c37c77d529f5f20
561-a-private-section-in-class-self-is-private 9c74d9b08d6d3218
562-a-def-in-a-block-that-may-rebind-self-is-not-the-scopes 21fa954673c4dd89
563-a-def-on-an-object-is-that-objects f4c5a816acdbe7ca
580-dead-initialize-weighs-no-unplaced-super f5c46a46804220d5
604-a-let-read-through-an-alias-of-self cca4185e0bc49964
605-a-nested-let-read-by-an-outer-def-whose-examples-an-include-writes d364d8f42b4dcf11
606-a-shared-groups-call-reaches-a-helper-its-includer-mixes-in fbb57058cd6e8d74
620-a-module-that-mixes-itself-in-is-used 61b137771eacbedc
621-a-module-trekr-makes-is-not-dead f114ab9890d1eae9
623-a-template-whose-self-is-unnamed-keeps-no-method-alive 7621a96d63cbf7a7
626-an-initialize-whose-super-lands-says-so 3a1a6f5458a53be7
640-a-struct-class-is-built-by-its-own-new 585872f09e536838
641-a-components-template-runs-on-the-component efa81e45ebaede7b
