# Every field path of the testbed's --json answers, per command, the JSON
# types seen there, and a vocabulary field's values. Regenerate: UPDATE_GOLDEN=1 cargo test --test testbed
--ancestors $: object
--ancestors $.ancestors: array
--ancestors $.ancestors[]: string
--ancestors $.fqn: string
--ancestors $.query: string
--ancestors $.status: string {ambiguous,resolved}
--ancestors $.unresolved_ancestors: array
--ancestors $.unresolved_ancestors[]: string
--ancestors $.variants: array
--ancestors $.variants[]: object
--ancestors $.variants[].ancestors: array
--ancestors $.variants[].ancestors[]: string
--ancestors $.variants[].definition: array
--ancestors $.variants[].definition[]: object
--ancestors $.variants[].definition[].col: int
--ancestors $.variants[].definition[].kind: string {class}
--ancestors $.variants[].definition[].line: int
--ancestors $.variants[].definition[].path: string
--ancestors $.variants[].definition[].root: string
--ancestors $.variants[].unresolved_ancestors: array
--dead $: object
--dead $.candidates: array
--dead $.candidates[]: object
--dead $.candidates[].caller: object
--dead $.candidates[].caller.col: int
--dead $.candidates[].caller.line: int
--dead $.candidates[].caller.path: string
--dead $.candidates[].caller.root: string
--dead $.candidates[].caller.tier: string {confirmed,possible}
--dead $.candidates[].caveat: string
--dead $.candidates[].col: int
--dead $.candidates[].confidence: string
--dead $.candidates[].confirmed: int
--dead $.candidates[].convention: object
--dead $.candidates[].convention.by: string
--dead $.candidates[].convention.line: int
--dead $.candidates[].convention.path: string
--dead $.candidates[].convention.root: string
--dead $.candidates[].end_line: int
--dead $.candidates[].group: null|string
--dead $.candidates[].helpers_read: int
--dead $.candidates[].kind: string {class,constant,let,method,module,shared_group,subject}
--dead $.candidates[].line: int
--dead $.candidates[].mentions_by_name: int
--dead $.candidates[].name: string
--dead $.candidates[].overridden_by: array
--dead $.candidates[].overridden_by[]: string
--dead $.candidates[].overrides: array
--dead $.candidates[].overrides[]: string
--dead $.candidates[].owner: string
--dead $.candidates[].path: string
--dead $.candidates[].possible: int
--dead $.candidates[].reason: string
--dead $.candidates[].root: string
--dead $.candidates[].route: object
--dead $.candidates[].route.line: int
--dead $.candidates[].route.path: string
--dead $.candidates[].route.root: string
--dead $.candidates[].shared_groups_read: int
--dead $.candidates[].singleton: bool
--dead $.candidates[].super_from: array
--dead $.candidates[].super_from[]: string
--dead $.candidates[].super_refs: int
--dead $.candidates[].symbol_refs: int
--dead $.candidates[].test_refs: int
--dead $.candidates[].tier: string {convention-only,override,shadowed,single-caller,super-only,test-only,unreferenced}
--dead $.candidates[].visibility: string
--dead $.index: object
--dead $.index.cause: string
--dead $.index.hint: string
--dead $.index.refreshed: null
--dead $.index.refreshed_files: array
--dead $.index.refreshed_files[]: string
--dead $.index.stale: bool
--dead $.scope: int
--dead $.summary: object
--dead $.summary.candidates: int
--dead $.summary.confidence: object
--dead $.summary.confidence.clear: int
--dead $.summary.confidence.lower: int
--dead $.summary.kinds: object
--dead $.summary.kinds.class: int
--dead $.summary.kinds.constant: int
--dead $.summary.kinds.let: int
--dead $.summary.kinds.method: int
--dead $.summary.kinds.module: int
--dead $.summary.kinds.shared_group: int
--dead $.summary.kinds.subject: int
--dead $.summary.tiers: object
--dead $.summary.tiers.convention-only: int
--dead $.summary.tiers.override: int
--dead $.summary.tiers.shadowed: int
--dead $.summary.tiers.single-caller: int
--dead $.summary.tiers.super-only: int
--dead $.summary.tiers.test-only: int
--dead $.summary.tiers.unreferenced: int
--def $: object
--def $.agreement: string
--def $.candidates: array
--def $.candidates[]: object
--def $.candidates[].kind: string {declaration,definition}
--def $.candidates[].owner: string
--def $.candidates[].singleton: bool
--def $.candidates[].site: object
--def $.candidates[].site.col: int
--def $.candidates[].site.kind: string {method}
--def $.candidates[].site.line: int
--def $.candidates[].site.path: string
--def $.candidates[].site.root: string
--def $.candidates[].why: string
--def $.confidence: float
--def $.context: string
--def $.defined_via: string
--def $.definition: array
--def $.definition[]: object
--def $.definition[].col: int
--def $.definition[].kind: string {assigned,block parameter,class,constant,local,method,module,parameter,template}
--def $.definition[].line: int
--def $.definition[].path: string
--def $.definition[].root: string
--def $.fqn: string
--def $.index: object
--def $.index.busy: string
--def $.index.busy_files: array
--def $.index.busy_files[]: string
--def $.index.hint: string
--def $.index.refreshed: null|string
--def $.index.refreshed_files: array
--def $.index.refreshed_files[]: string
--def $.index.stale: bool
--def $.kind: string {declaration,definition}
--def $.name: string
--def $.owner: string
--def $.query: string
--def $.reason: string
--def $.receiver: string
--def $.receiver_kind: string
--def $.receiver_text: string
--def $.receiver_type: string
--def $.resolved_via: string {ancestor,chain,chain:name,const,controller,definition,delegate,delegate_missing_to,described_class,example_group,finder,flow,implicit_subject,includer,let,literal,local:new,local:rescue,main,object,on_load,path,predicate_matcher,rabl,rabl:object,receiver_name,relation,render,root,scope,self,sidecar,sig,super,symbol,view}
--def $.scopes_tried: int
--def $.signatures: array
--def $.signatures[]: object
--def $.signatures[].col: int
--def $.signatures[].kind: string {method}
--def $.signatures[].line: int
--def $.signatures[].path: string
--def $.signatures[].root: string
--def $.snapped_to: object
--def $.snapped_to.alternatives: array
--def $.snapped_to.alternatives[]: object
--def $.snapped_to.alternatives[].col: int
--def $.snapped_to.alternatives[].name: string
--def $.snapped_to.col: int
--def $.snapped_to.name: string
--def $.status: string {ambiguous,residue,resolved}
--def $.under: string {call,constant,definition,symbol,template,variable}
--def $.unresolved_ancestors: array
--def $.unresolved_ancestors[]: string
--def $.variable: string
--index $: object
--index $.gems: object
--index $.gems.already_indexed: int
--index $.gems.files: int
--index $.gems.found: int
--index $.gems.from_git: int
--index $.gems.from_path: int
--index $.gems.from_stdlib: int
--index $.gems.indexed: int
--index $.gems.lockfile: bool
--index $.gems.missing: array
--index $.gems.missing[]: string
--index $.gems.picked: array
--index $.gems.resolved_from: string
--index $.gems.ruby: string
--index $.gems.stdlib: object
--index $.gems.stdlib.files: int
--index $.gems.stdlib.hidden: array
--index $.gems.stdlib.indexed: bool
--index $.gems.stdlib.rbs: object
--index $.gems.stdlib.rbs.chosen: string
--index $.gems.stdlib.rbs.path: string
--index $.gems.stdlib.rbs.read: bool
--index $.gems.stdlib.rbs.version: string
--index $.gems.stdlib.root: string
--index $.gems.stdlib.ruby: string
--index $.indexed: object
--index $.indexed.blobs: int
--index $.indexed.calls: int
--index $.indexed.defs: int
--index $.indexed.files: int
--index $.indexed.parsed: int
--index $.indexed.refs: int
--index $.repo: string
--index $.ruby: object
--index $.ruby.fallback: bool
--index $.ruby.how: string
--index $.ruby.root: string
--index $.ruby.version: string
--refs $: array|object
--refs $.caveats: array
--refs $.code: int
--refs $.counts: object
--refs $.counts.confirmed: int
--refs $.counts.excluded: int
--refs $.counts.excluded_arity: int
--refs $.counts.excluded_different_owner: int
--refs $.counts.excluded_no_such_method: int
--refs $.counts.possible: int
--refs $.definition: array
--refs $.definition[]: object
--refs $.definition[].col: int
--refs $.definition[].kind: string {method}
--refs $.definition[].line: int
--refs $.definition[].path: string
--refs $.definition[].root: string
--refs $.error: string
--refs $.group: string
--refs $.helpers_read: int
--refs $.hint: string
--refs $.index: object
--refs $.index.cause: string
--refs $.index.hint: string
--refs $.index.refreshed: null|string
--refs $.index.refreshed_files: array
--refs $.index.refreshed_files[]: string
--refs $.index.stale: bool
--refs $.inherited: bool
--refs $.kind: string {let,subject,usage}
--refs $.method: string
--refs $.name: string
--refs $.overridden_by: array
--refs $.overridden_by[]: string
--refs $.owner: null|string
--refs $.query: string
--refs $.reason: string
--refs $.receiver: string
--refs $.receiver_type: null
--refs $.references: array
--refs $.references[]: object
--refs $.references[].called_as: string
--refs $.references[].col: int
--refs $.references[].from: string
--refs $.references[].kind: string {read,write}
--refs $.references[].line: int
--refs $.references[].owner: string
--refs $.references[].path: string
--refs $.references[].receiver: string
--refs $.references[].receiver_type: string
--refs $.references[].root: string
--refs $.references[].tier: string {confirmed,possible}
--refs $.references[].why: string
--refs $.resolves_to: null|string
--refs $.shared_groups_read: int
--refs $.singleton: bool
--refs $.status: string {no_such_method,residue,resolved}
--refs $.under: string {variable}
--refs $.variable: string
--refs $[]: object
--refs $[].col: int
--refs $[].kind: string {class,constant,method}
--refs $[].line: int
--refs $[].nesting: array
--refs $[].nesting[]: string
--refs $[].owner: string
--refs $[].path: string
--refs $[].receiver: string
--refs $[].role: string
--refs $[].root: string
--refs $[].tier: string {confirmed}
--refs NAME --ndjson $: object
--refs NAME --ndjson $.answer: object
--refs NAME --ndjson $.answer.index: object
--refs NAME --ndjson $.answer.index.cause: string
--refs NAME --ndjson $.answer.index.hint: string
--refs NAME --ndjson $.answer.index.refreshed: null
--refs NAME --ndjson $.answer.index.refreshed_files: array
--refs NAME --ndjson $.answer.index.refreshed_files[]: string
--refs NAME --ndjson $.answer.index.stale: bool
--refs NAME --ndjson $.answer.rows: int
--status $: object
--status $.checkouts: array
--status $.checkouts[]: object
--status $.checkouts[].blobs: int
--status $.checkouts[].files: int
--status $.checkouts[].gems: object
--status $.checkouts[].gems.count: int
--status $.checkouts[].gems.files: int
--status $.checkouts[].gems.indexed: int
--status $.checkouts[].indexed_at: int
--status $.checkouts[].kind: string {repo}
--status $.checkouts[].repo: string
--status $.checkouts[].ruby: object
--status $.checkouts[].ruby.fallback: bool
--status $.checkouts[].ruby.how: string
--status $.checkouts[].ruby.root: string
--status $.checkouts[].ruby.version: string
--status $.checkouts[].stdlib: object
--status $.checkouts[].stdlib.files: int
--status $.checkouts[].stdlib.hidden: array
--status $.checkouts[].stdlib.rbs: object
--status $.checkouts[].stdlib.rbs.chosen: string
--status $.checkouts[].stdlib.rbs.path: string
--status $.checkouts[].stdlib.rbs.version: string
--status $.checkouts[].stdlib.root: string
--status $.kept: array
--status $.others: object
--status $.others.gems: int
--status $.others.repos: int
--status $.totals: object
--status $.totals.blobs: int
--status $.totals.calls: int
--status $.totals.const_refs: int
--status $.totals.defs: int
--symbols $: array
--symbols $[]: object
--symbols $[].col: int
--symbols $[].end_line: int
--symbols $[].kind: string {class,method,module}
--symbols $[].line: int
--symbols $[].name: string
--symbols $[].nesting: array
--symbols $[].nesting[]: string
--symbols $[].params: array
--symbols $[].params[]: string
--symbols $[].path: string
--symbols $[].root: string
--symbols $[].sig_returns: string
--symbols $[].singleton: bool
--symbols $[].target: string
--symbols $[].via: string
--symbols $[].visibility: string
QUERY $: object
QUERY $.counts: object
QUERY $.counts.confirmed: int
QUERY $.counts.excluded: int
QUERY $.counts.excluded_arity: int
QUERY $.counts.excluded_different_owner: int
QUERY $.counts.excluded_no_such_method: int
QUERY $.counts.possible: int
QUERY $.definition: array
QUERY $.definition[]: object
QUERY $.definition[].col: int
QUERY $.definition[].kind: string {method}
QUERY $.definition[].line: int
QUERY $.definition[].path: string
QUERY $.definition[].root: string
QUERY $.inherited: bool
QUERY $.kind: null|string {declaration,definition}
QUERY $.method: string
QUERY $.owner: string
QUERY $.query: string
QUERY $.reason: string
QUERY $.resolves_to: null|string
QUERY $.singleton: bool
QUERY $.status: string {no_such_method,residue,resolved}
